
Running 102 tests using 1 worker

(node:33600) Warning: The 'NO_COLOR' env is ignored due to the 'FORCE_COLOR' env being set.
(Use `node --trace-warnings ...` to show where the warning was created)
  ok   1 tests\admin-routing.spec.ts:11:3 › proper path links (decisions/00087) › a deep link loads the panel directly, with no hash in the URL (668ms)
  ok   2 tests\admin-routing.spec.ts:21:3 › proper path links (decisions/00087) › panel navigation pushStates paths; back/forward walk real history (322ms)
  ok   3 tests\admin-routing.spec.ts:43:3 › proper path links (decisions/00087) › a legacy #/ deep-link canonicalizes to its path and still routes (422ms)
  ok   4 tests\admin-routing.spec.ts:57:3 › proper path links (decisions/00087) › a bare /admin canonicalizes to the landing panel path (261ms)
  ok   5 tests\ai-lane.spec.ts:24:3 › E2E 6: AI lane (faked) › an upstream commit appears in the draft chip and publish drawer, and publishing includes it live (3.9s)
  ok   6 tests\browse-mode.spec.ts:19:3 › browse mode (decisions/00091) › toggling on lets you click through pages without opening a popover; toggling off resumes editing on the page you land on, in the same session (1.7s)
[WebServer] cmdchat: GET http://127.0.0.1:50316/sessions/sess-1/status attempt 1/3 failed: All connection attempts failed
[WebServer] cmdchat: GET http://127.0.0.1:50316/sessions/sess-1/status attempt 2/3 failed: All connection attempts failed
[WebServer] cmdchat: GET http://127.0.0.1:50316/sessions/sess-1/status attempt 3/3 failed: All connection attempts failed
[WebServer] cmdchat: GET http://127.0.0.1:50316/sessions/sess-1/status attempt 1/3 failed: All connection attempts failed
[WebServer] cmdchat: GET http://127.0.0.1:50316/sessions/sess-1/status attempt 2/3 failed: All connection attempts failed
[WebServer] cmdchat: GET http://127.0.0.1:50316/sessions/sess-1/status attempt 3/3 failed: All connection attempts failed
[WebServer] cmdchat: GET http://127.0.0.1:50316/sessions/sess-1/status attempt 1/3 failed: All connection attempts failed
[WebServer] cmdchat: GET http://127.0.0.1:50316/sessions/sess-1/status attempt 2/3 failed: All connection attempts failed
[WebServer] cmdchat: GET http://127.0.0.1:50316/sessions/sess-1/status attempt 3/3 failed: All connection attempts failed
  ok   7 tests\chat-ux.spec.ts:34:3 › E2E 7: chat UX › new conversation, scripted replies with a tool row, status dot transitions, send-retry on 502, and the offline banner (36.2s)
  ok   8 tests\collection-edit.spec.ts:34:3 › E2E 4: collection › add, fill, reorder, and delete a showcase item, publish, and the output reflects order and count (11.0s)
  ok   9 tests\collection-edit.spec.ts:106:3 › PR 1: a hidden collection item survives an inline structural edit (round-trip proof) › retitling a DIFFERENT item in the same list leaves the hidden item's visible: false intact (1.9s)
  ok  10 tests\composer-autogrow.spec.ts:27:3 › composer auto-grow › textarea fits its seeded content on open, capped at the max height (1.5s)
  ok  11 tests\composer-recovery.spec.ts:24:3 › composer draft recovery (decisions/00088) › text typed mid-edit survives a reload and Restore refills the composer (2.6s)
  ok  12 tests\composer-recovery.spec.ts:50:3 › composer draft recovery (decisions/00088) › Discard drops the stored draft and keeps the fresh seed (2.2s)
  ok  13 tests\concurrent-editing.spec.ts:15:3 › E2E 8: concurrent editing sanity › two tabs editing different fields on the same page — neither op is lost (4.4s)
  ok  14 tests\contact-panel.spec.ts:33:3 › Contact panel (decisions/00129) › renders at /admin/contact as a main tab, not under Settings (373ms)
  ok  15 tests\contact-panel.spec.ts:43:3 › Contact panel (decisions/00129) › a legacy /admin/settings/contact deep link degrades to Settings > General, not a dead panel (317ms)
  ok  16 tests\contact-panel.spec.ts:51:3 › Contact panel (decisions/00129) › editing phone/email/address persists server-side and appears on the published page (6.7s)
  ok  17 tests\contact-panel.spec.ts:114:3 › Contact panel (decisions/00129) › clicking Reset on the address row discards address, mapCoords, AND mapSrc together, then reloads (1.1s)
  ok  18 tests\contact-panel.spec.ts:150:3 › Contact panel (decisions/00129) › an armed click-to-pin commits mapCoords + a derived mapSrc; Clear reverts to address-derived (1.6s)
  ok  19 tests\hover-chrome.spec.ts:66:3 › content-anchored chrome (decisions/00086) › the selection chip stays glued to its element when the preview scrolls (1.4s)
  ok  20 tests\hover-chrome.spec.ts:85:3 › content-anchored chrome (decisions/00086) › the list item toolbar stays glued to its item when the preview scrolls (1.1s)
  ok  21 tests\image-replace.spec.ts:35:3 › E2E 2: image replace › uploading an oversized, EXIF-rotated JPEG replaces the hero background, resized and EXIF-free (7.1s)
  ok  22 tests\media-edit.spec.ts:12:3 › media editing › replacing an image stages it, previews it, and publishes it in place (9.3s)
  ok  23 tests\mobile-edit-chrome.spec.ts:34:5 › device auto-detect (decisions/00084) › phone 390 opens in Mobile view (1.8s)
  ok  24 tests\mobile-edit-chrome.spec.ts:34:5 › device auto-detect (decisions/00084) › phone 487 (display-size outlier) opens in Mobile view (988ms)
  ok  25 tests\mobile-edit-chrome.spec.ts:34:5 › device auto-detect (decisions/00084) › tablet 820 opens in Tablet view (1.3s)
  ok  26 tests\mobile-edit-chrome.spec.ts:34:5 › device auto-detect (decisions/00084) › desktop 1280 opens in Desktop view (1.2s)
  ok  27 tests\mobile-edit-chrome.spec.ts:53:3 › chrome reveal placement (decisions/00084, 00107) › the nav row reveals between the status bar and the pinned slim bar, and the topbar banner is gone (1.9s)
  ok  28 tests\mobile-edit-chrome.spec.ts:95:3 › chrome reveal placement (decisions/00084, 00107) › tapping the ⋯ trigger on a phone actually OPENS a visible popover (00107 regression) (649ms)
  ok  29 tests\mobile-edit-chrome.spec.ts:145:3 › composer immovability (decisions/00084) › the preview document carries interactive-widget=resizes-content (1.1s)
  ok  30 tests\mobile-edit-chrome.spec.ts:154:3 › composer immovability (decisions/00084) › stays pinned at the visible bottom after the page scrolls, at 390 and 320 (3.6s)
  ok  31 tests\mobile-edit-chrome.spec.ts:173:3 › composer immovability (decisions/00084) › the outer shell ignores pinch-zoom (edit chrome cannot be panned away) (2.5s)
  ok  32 tests\mobile-edit-chrome.spec.ts:195:3 › composer immovability (decisions/00084) › the maximize toggle is a real SVG icon (1.3s)
  ok  33 tests\mobile-edit-chrome.spec.ts:207:3 › shell root no-scroll (decisions/00085) › the root document cannot scroll even when the shell overflows the visible viewport (2.6s)
  ok  34 tests\mobile-edit-chrome.spec.ts:258:3 › shell root no-scroll (decisions/00085) › the served bundle sizes the shell and drawer to the DYNAMIC viewport (100dvh) (267ms)
  ok  35 tests\mobile-edit-chrome.spec.ts:273:3 › shell root no-scroll (decisions/00085) › the middle still scrolls — the preview iframe scrolls while the root stays put (1.0s)
  ok  36 tests\publish-feedback.spec.ts:24:3 › publish progress feedback (decisions/00089) › the status-bar button spins from the confirm click, and exactly one toast announces live (8.7s)
  ok  37 tests\publish-feedback.spec.ts:67:3 › publish progress feedback (decisions/00089) › closing the drawer mid-publish still announces live (6.8s)
  ok  38 tests\restore.spec.ts:24:3 › E2E 5: restore › restoring an earlier version serves it live, records a restore entry, and resets the draft (10.3s)
  ok  39 tests\section-panel.spec.ts:92:3 › E2E: registry-configured section editor (Before & After) › add a photo pair (uploading two images), add a second (picking existing media), retitle, reorder via buttons, Save, publish, and the output reflects it (5.1s)
  ok  40 tests\section-panel.spec.ts:255:3 › E2E: registry-configured section editor (Before & After) › clean URLs: /gallery serves the same content as /gallery.html; /gallery/ 404s (decisions/00128) (282ms)
  ok  41 tests\section-panel.spec.ts:276:3 › E2E: registry-configured section editor (Before & After) › align a photo pair: drag + micro nudge, save, publish — the live page serves the baked aligned photo (4.1s)
[WebServer] rejected draft PATCH (rev 55, 1 ops) from 'editor': gallery:gallery.sliders doesn't match the site's expected content structure. | gallery:gallery.sliders[0]: missing required property 'title'
  ok  42 tests\section-panel.spec.ts:394:3 › E2E: registry-configured section editor (Before & After) › an intentionally-broken sliders array is rejected by the write gate (422), draft rev unchanged (347ms)
  ok  43 tests\section-panel.spec.ts:438:3 › E2E: registry-configured section editor (Before & After) › a sliders array with visible: false on an item is ACCEPTED by the write gate (PR 1) (156ms)
  ok  44 tests\section-panel.spec.ts:474:3 › E2E: registry-configured section editor (Before & After) › PR 2: toggling the Show-on-site header switch for a hidden pair, Saving, and publishing makes it live; toggling off and publishing removes it again (6.3s)
  ok  45 tests\section-panel.spec.ts:542:3 › E2E: registry-configured section editor (Before & After) › PR 3: the inline before/after preview drags to compare, and tap-to-enlarge opens a bigger read-only version (585ms)
  ok  46 tests\section-panel.spec.ts:585:3 › E2E: registry-configured section editor (Before & After) › PR 3: a tile (single image field) never gets a fabricated before/after preview (388ms)
  ok  47 tests\section-panel.spec.ts:597:3 › E2E: section editor staged-save model (decisions/00118) › edit -> visibly unsaved, Save enables -> Save -> ready to publish -> Publish; the shell chip matches (3.1s)
  ok  48 tests\section-panel.spec.ts:676:3 › E2E: section editor staged-save model (decisions/00118) › Undo last reverts a local edit without writing anything, and the save bar clears (684ms)
  ok  49 tests\section-panel.spec.ts:699:3 › E2E: section editor staged-save model (decisions/00118) › Discard unsaved reverts every local edit back to the last-saved state, with confirmation (479ms)
  ok  50 tests\section-panel.spec.ts:718:3 › E2E: section editor staged-save model (decisions/00118) › Discard all changes wipes a SAVED (but not yet published) draft back to zero, with confirmation (1.2s)
  ok  51 tests\section-panel.spec.ts:750:3 › E2E: section editor staged-save model (decisions/00118) › navigating away (in-app nav) with unsaved edits prompts; declining keeps her on the section with the edit intact (451ms)
[WebServer] Exception in callback _ProactorBasePipeTransport._call_connection_lost()
[WebServer] handle: <Handle _ProactorBasePipeTransport._call_connection_lost()>
[WebServer] Traceback (most recent call last):
[WebServer]   File "C:\Users\josh\AppData\Local\Python\pythoncore-3.14-64\Lib\asyncio\events.py", line 94, in _run
[WebServer]     self._context.run(self._callback, *self._args)
[WebServer]     ~~~~~~~~~~~~~~~~~^^^^^^^^^^^^^^^^^^^^^^^^^^^^^
[WebServer]   File "C:\Users\josh\AppData\Local\Python\pythoncore-3.14-64\Lib\asyncio\proactor_events.py", line 165, in _call_connection_lost
[WebServer]     self._sock.shutdown(socket.SHUT_RDWR)
[WebServer]     ~~~~~~~~~~~~~~~~~~~^^^^^^^^^^^^^^^^^^
[WebServer] ConnectionResetError: [WinError 10054] An existing connection was forcibly closed by the remote host
  ok  52 tests\section-panel.spec.ts:775:3 › E2E: section editor staged-save model (decisions/00118) › navigating away (in-app nav) with unsaved edits, once confirmed, leaves the section route (465ms)
  ok  53 tests\section-panel.spec.ts:793:3 › E2E: section editor staged-save model (decisions/00118) › PR 2: Turn all off then Turn all on (with confirmation) bulk-toggles every item in a collection (1.8s)
  ok  54 tests\server-chat.spec.ts:143:3 › server-chat.spec.ts (P5b) › A -> B live delivery within 3s, correct alignment, and echo reconciliation (4.7s)
  ok  55 tests\server-chat.spec.ts:194:3 › server-chat.spec.ts (P5b) › unlock token never enters browser storage, cookies, history or URLs (2.1s)
  ok  56 tests\server-chat.spec.ts:212:3 › server-chat.spec.ts (P5b) › saving a settings name updates local storage and survives reload/unlock (4.0s)
  ok  57 tests\server-chat.spec.ts:227:3 › server-chat.spec.ts (P5b) › incoming messages do not change the title, favicon or nav badge while locked or unlocked (5.6s)
  ok  58 tests\server-chat.spec.ts:260:3 › server-chat.spec.ts (P5b) › desktop right-click opens message actions without locking the chat (1.8s)
  ok  59 tests\server-chat.spec.ts:273:3 › server-chat.spec.ts (P5b) › the settings Lock button detaches the thread and returns to the decoy (1.8s)
  ok  60 tests\server-chat.spec.ts:281:3 › server-chat.spec.ts (P5b) › history paging over 120 seeded messages, with a day separator (3.5s)
  ok  61 tests\server-chat.spec.ts:318:3 › server-chat.spec.ts (P5b) › the stream reconnects after a forced network drop (8.2s)
  ok  62 tests\server-chat.spec.ts:393:3 › server-chat.spec.ts (P5b) › layout invariants — desktop (5.0s)
  ok  63 tests\server-chat.spec.ts:400:3 › server-chat.spec.ts (P5b) › layout invariants — mobile (390x844) (3.6s)
  ok  64 tests\server-chat.spec.ts:412:3 › server-chat.spec.ts (P5b) › a 12s-delayed delete stays removed for both users, then wipe and replay empty history (21.3s)
  ok  65 tests\server-chat.spec.ts:499:3 › server-chat.spec.ts (P5b) › mobile long-press deletes for both users, wipe clears remaining history, and double-tap locks (11.5s)
  ok  66 tests\server-layout.spec.ts:62:1 › phone layout: one shared gutter, one control height, tight top spacing (3.4s)
  ok  67 tests\server-lock.spec.ts:124:5 › Server panel lock/disguise — desktop › desktop: nav shows Server; the decoy shows real data; no affordance visible (745ms)
  ok  68 tests\server-lock.spec.ts:139:5 › Server panel lock/disguise — desktop › desktop: R2 v1.3 — a SINGLE tap reveals the affordance; it re-hides after 10s idle (1.2s)
  ok  69 tests\server-lock.spec.ts:150:5 › Server panel lock/disguise — desktop › desktop: "not nav/topbar" — a tap outside the panel never reveals the affordance (1.1s)
  ok  70 tests\server-lock.spec.ts:164:5 › Server panel lock/disguise — desktop › desktop: a tap on the affordance WITHIN 400ms of the reveal is ignored (1.1s)
  ok  71 tests\server-lock.spec.ts:174:5 › Server panel lock/disguise — desktop › desktop: unlock — wrong PIN attempts, 5-strike lockout, then the real PIN opens chat (2.4s)
  ok  72 tests\server-lock.spec.ts:217:5 › Server panel lock/disguise — desktop › desktop: idle timing — 9s visible, activity extends it, locks ~10.8s after the LAST activity (1.1s)
  ok  73 tests\server-lock.spec.ts:239:5 › Server panel lock/disguise — desktop › desktop: a scroll event does NOT count as R7 activity — the chat still locks on schedule (973ms)
  ok  74 tests\server-lock.spec.ts:263:5 › Server panel lock/disguise — desktop › desktop: panic locks instantly; a double-tap on the thread locks; a double-tap in the draft does NOT; Escape locks (1.8s)
  ok  75 tests\server-lock.spec.ts:295:5 › Server panel lock/disguise — desktop › desktop: PIN-pad taps leave no leftover multi-tap count — ONE genuine tap in chat right after unlock never locks (1.5s)
  ok  76 tests\server-lock.spec.ts:324:5 › Server panel lock/disguise — desktop › desktop: routing away and back locks; a reload locks; a synthetic hidden event locks (1.8s)
  ok  77 tests\server-lock.spec.ts:358:5 › Server panel lock/disguise — desktop › desktop: a draft survives a lock/unlock cycle — type, panic, unlock, the text is restored (1.1s)
  ok  78 tests\server-lock.spec.ts:124:5 › Server panel lock/disguise — mobile › mobile: nav shows Server; the decoy shows real data; no affordance visible (490ms)
  ok  79 tests\server-lock.spec.ts:139:5 › Server panel lock/disguise — mobile › mobile: R2 v1.3 — a SINGLE tap reveals the affordance; it re-hides after 10s idle (353ms)
  ok  80 tests\server-lock.spec.ts:150:5 › Server panel lock/disguise — mobile › mobile: "not nav/topbar" — a tap outside the panel never reveals the affordance (332ms)
  ok  81 tests\server-lock.spec.ts:164:5 › Server panel lock/disguise — mobile › mobile: a tap on the affordance WITHIN 400ms of the reveal is ignored (403ms)
  ok  82 tests\server-lock.spec.ts:174:5 › Server panel lock/disguise — mobile › mobile: unlock — wrong PIN attempts, 5-strike lockout, then the real PIN opens chat (2.0s)
  ok  83 tests\server-lock.spec.ts:217:5 › Server panel lock/disguise — mobile › mobile: idle timing — 9s visible, activity extends it, locks ~10.8s after the LAST activity (773ms)
  ok  84 tests\server-lock.spec.ts:239:5 › Server panel lock/disguise — mobile › mobile: a scroll event does NOT count as R7 activity — the chat still locks on schedule (710ms)
  ok  85 tests\server-lock.spec.ts:263:5 › Server panel lock/disguise — mobile › mobile: panic locks instantly; a double-tap on the thread locks; a double-tap in the draft does NOT; Escape locks (1.9s)
  ok  86 tests\server-lock.spec.ts:295:5 › Server panel lock/disguise — mobile › mobile: PIN-pad taps leave no leftover multi-tap count — ONE genuine tap in chat right after unlock never locks (884ms)
  ok  87 tests\server-lock.spec.ts:324:5 › Server panel lock/disguise — mobile › mobile: routing away and back locks; a reload locks; a synthetic hidden event locks (1.9s)
  ok  88 tests\server-lock.spec.ts:358:5 › Server panel lock/disguise — mobile › mobile: a draft survives a lock/unlock cycle — type, panic, unlock, the text is restored (1.1s)
  ok  89 tests\server-push.spec.ts:27:1 › desktop browser does not show the optional push control (1.7s)
  ok  90 tests\server-push.spec.ts:37:3 › Android browser › mounts push controls and enables/disables the subscription through the sheet (2.4s)
  ok  91 tests\structured-controls.spec.ts:15:3 › structured controls › the opening-hours control edits the whole array as rows and publishes (4.2s)
  ok  92 tests\structured-controls.spec.ts:50:3 › structured controls › the price control edits label/amount rows and publishes (3.6s)
  ok  93 tests\structured-controls.spec.ts:77:3 › structured controls › the qa control edits the whole list in a full-screen surface and publishes (3.6s)
  ok  94 tests\text-edit.spec.ts:25:3 › E2E 1: text edit › editing the hero title publishes and appears live, with a new history entry (4.7s)
  ok  95 tests\theme-change.spec.ts:30:3 › E2E 3: theme change › changing a color and the headings font live-applies to the embedded preview (6.7s)
  ok  96 tests\theme-change.spec.ts:102:3 › E2E 3: theme change › reset to published reverts a color and re-applies the checkout value live (1.6s)
  ok  97 tests\thumbnails.spec.ts:7:3 › page thumbnails › the pages panel backfills and displays a mobile thumbnail (393ms)
  ok  98 tests\version-badge.spec.ts:10:3 › version badge (decisions/00109) › pins v N, glows on deploy, and reloads only after the confirm (569ms)
(node:61020) Warning: The 'NO_COLOR' env is ignored due to the 'FORCE_COLOR' env being set.
(Use `node --trace-warnings ...` to show where the warning was created)
  ok  99 tests\server-media.spec.ts:83:3 › server-media.spec.ts (P6b) › photo upload shows chunk progress, survives panic/unlock, and opens the lightbox (4.5s)
  ok 100 tests\server-media.spec.ts:129:3 › server-media.spec.ts (P6b) › MP4 and rotated MOV attachments become playable videos (5.9s)
  ok 101 tests\server-media.spec.ts:149:3 › server-media.spec.ts (P6b) › voice recorder uploads a short note that can be played (6.4s)
  ok 102 tests\server-media.spec.ts:189:3 › server-media.spec.ts (P6b) › voice recordings shorter than one second are discarded (2.6s)

  102 passed (5.5m)
e2e exit 0
